// Jest Snapshot v1, https://goo.gl/fbAQLP

exports[`genCommonTypes Token 1`] = `
"
import { ICOSmartContract } from './ICO/types'
import { TokenSmartContract } from './Token/types'

export interface Contracts {
  readonly ico: ICOSmartContract;
  readonly token: TokenSmartContract;
}
"
`;
