// Jest Snapshot v1, https://goo.gl/fbAQLP

exports[`RedToken properties + issue + balanceOf + totalSupply + transfer: deploy consumed 1`] = `"11.233"`;

exports[`RedToken properties + issue + balanceOf + totalSupply + transfer: deploy cost 1`] = `"21.233"`;

exports[`RedToken properties + issue + balanceOf + totalSupply + transfer: transfer consume 1`] = `"8.466"`;

exports[`RedToken properties + issue + balanceOf + totalSupply + transfer: transfer cost 1`] = `"18.466"`;
