// Jest Snapshot v1, https://goo.gl/fbAQLP

exports[`TestToken properties + issue + balanceOf + totalSupply + transfer: deploy consumed 1`] = `"9.851"`;

exports[`TestToken properties + issue + balanceOf + totalSupply + transfer: deploy cost 1`] = `"19.851"`;

exports[`TestToken properties + issue + balanceOf + totalSupply + transfer: transfer consume 1`] = `"7.648"`;

exports[`TestToken properties + issue + balanceOf + totalSupply + transfer: transfer cost 1`] = `"17.648"`;
