// Jest Snapshot v1, https://goo.gl/fbAQLP

exports[`Transaction Model Serialize Base - Unsigned 1`] = `"000000000001000000000000000100000000000000a086010000000101"`;
