// Jest Snapshot v1, https://goo.gl/fbAQLP

exports[`FunctionExpressionCompiler unsupported 1`] = `
"snippetCode.ts (2,17): Unsupported syntax

      1 | 
    > 2 |       const x = function() {
        |                 ^
      3 |         return '';
      4 |       }
      5 |     
"
`;
