// Jest Snapshot v1, https://goo.gl/fbAQLP

exports[`NEOONEProvider read 1`] = `
NEOONEDataProvider {
  "iterBlocksBatchSize": undefined,
  "iterBlocksFetchTimeoutMS": undefined,
  "mutableClient": JSONRPCClient {
    "provider": JSONRPCHTTPProvider {
      "batcher": DataLoader {
        "_batchLoadFn": [Function],
        "_options": Object {
          "cacheKeyFn": [Function],
          "maxBatchSize": 25,
        },
        "_promiseCache": Array [],
        "_queue": Array [],
      },
      "endpoint": "rpc",
    },
  },
  "network": "net",
}
`;
