// Jest Snapshot v1, https://goo.gl/fbAQLP

exports[`ContractModel - serializeJSON Simple 1`] = `"010000001900000000000000000000000000000000000000000000000000fddb027b2267726f757073223a5b7b227075626c69634b6579223a22303234386265336330373064663734356136306633623862343934656663633663616639303234346438303361396137326665393564396261653231323065633730222c227369676e6174757265223a226363616162303430636332353032316339313536376237356462343737383835333434313836393135376238663661616439363063646366313036393831323438303032376135323863613962393865323230353032376465323036393666383438636638313832346565623761663164353131303837303837306365623637227d5d2c226665617475726573223a7b2273746f72616765223a747275652c2270617961626c65223a747275657d2c22737570706f727465645374616e6461726473223a5b5d2c22616269223a7b2268617368223a22307830313031303130313031303130313031303130313031303130313031303130313031303130313031222c226d6574686f6473223a5b7b226e616d65223a2266756e6374696f6e222c22706172616d6574657273223a5b7b226e616d65223a22706172616d222c2274797065223a22426f6f6c65616e227d5d2c2272657475726e54797065223a22566f6964227d5d2c226576656e7473223a5b7b226e616d65223a226576656e74222c22706172616d6574657273223a5b7b226e616d65223a22706172616d222c2274797065223a22426f6f6c65616e227d5d7d5d7d2c227065726d697373696f6e73223a5b7b22636f6e7472616374223a22307830313031303130313031303130313031303130313031303130313031303130313031303130313031222c226d6574686f6473223a5b226d6574686f6431225d7d5d2c22747275737473223a5b22307830313031303130313031303130313031303130313031303130313031303130313031303130313031225d2c22736166654d6574686f6473223a5b226d6574686f6431222c226d6574686f6432225d7d"`;
