// Jest Snapshot v1, https://goo.gl/fbAQLP

exports[`resolvePackage resolves @types/react 1`] = `
Array [
  "/global.d.ts",
  "/index.d.ts",
  "/package.json",
]
`;

exports[`resolvePackage resolves reakit 1`] = `
Array [
  "/lib/index.js",
  "/lib/as-e642985a.js",
  "/lib/chunk-582bef72.js",
  "/lib/styled.js",
  "/lib/Avatar.js",
  "/lib/Box.js",
  "/lib/chunk-b4ae9232.js",
  "/lib/chunk-f0c301b2.js",
  "/lib/Backdrop.js",
  "/lib/Hidden.js",
  "/lib/chunk-25591e69.js",
  "/lib/chunk-9ddd950d.js",
  "/lib/chunk-5504bbae.js",
  "/lib/Block.js",
  "/lib/Blockquote.js",
  "/lib/Button.js",
  "/lib/Card.js",
  "/lib/chunk-8931826f.js",
  "/lib/Code.js",
  "/lib/Divider.js",
  "/lib/Field.js",
  "/lib/Flex.js",
  "/lib/Grid.js",
  "/lib/Group.js",
  "/lib/Heading.js",
  "/lib/Image.js",
  "/lib/Inline.js",
  "/lib/InlineBlock.js",
  "/lib/InlineFlex.js",
  "/lib/Input.js",
  "/lib/Label.js",
  "/lib/Link.js",
  "/lib/List.js",
  "/lib/Navigation.js",
  "/lib/Overlay.js",
  "/lib/chunk-7a410658.js",
  "/lib/Paragraph.js",
  "/lib/Popover.js",
  "/lib/chunk-4e66983b.js",
  "/lib/Portal.js",
  "/lib/Provider.js",
  "/lib/Sidebar.js",
  "/lib/Step.js",
  "/lib/chunk-bc59feb1.js",
  "/lib/Table.js",
  "/lib/Tabs.js",
  "/lib/Toolbar.js",
  "/lib/Tooltip.js",
  "/index.ts",
  "/src/_utils/__tests__/dedupeClassName-test.ts",
  "/src/_utils/__tests__/getSelector-test.ts",
  "/src/_utils/__tests__/numberToPx-test.ts",
  "/src/_utils/__tests__/omit-test.ts",
  "/src/_utils/__tests__/parseTag-test.tsx",
  "/src/_utils/__tests__/pickCSSProps-test.ts",
  "/src/_utils/__tests__/pickHTMLProps-test.ts",
  "/src/_utils/__tests__/styledProps-test.ts",
  "/src/_utils/__tests__/toArray-test.ts",
  "/src/_utils/callAll.ts",
  "/src/_utils/createElementRef.ts",
  "/src/_utils/CSSProps.ts",
  "/src/_utils/dedupeClassName.ts",
  "/src/_utils/getComponentName.ts",
  "/src/_utils/getSelector.ts",
  "/src/_utils/numberToPx.ts",
  "/src/_utils/omit.ts",
  "/src/_utils/parseTag.ts",
  "/src/_utils/pickCSSProps.ts",
  "/src/_utils/pickHTMLProps.ts",
  "/src/_utils/styledProps.ts",
  "/src/_utils/toArray.ts",
  "/src/_utils/types.ts",
  "/src/_utils/uniqueId.ts",
  "/src/as.tsx",
  "/src/Avatar/Avatar.ts",
  "/src/Avatar/index.ts",
  "/src/Backdrop/Backdrop.ts",
  "/src/Backdrop/index.ts",
  "/src/Block/Block.ts",
  "/src/Block/index.ts",
  "/src/Blockquote/Blockquote.ts",
  "/src/Blockquote/index.ts",
  "/src/Box/Box.ts",
  "/src/Box/index.ts",
  "/src/Button/Button.ts",
  "/src/Button/index.ts",
  "/src/Card/Card.ts",
  "/src/Card/CardFit.ts",
  "/src/Card/index.ts",
  "/src/Code/Code.tsx",
  "/src/Code/index.ts",
  "/src/Divider/Divider.ts",
  "/src/Divider/index.ts",
  "/src/Field/Field.ts",
  "/src/Field/index.ts",
  "/src/Flex/Flex.ts",
  "/src/Flex/index.ts",
  "/src/Grid/Grid.ts",
  "/src/Grid/GridItem.ts",
  "/src/Grid/index.ts",
  "/src/Group/Group.ts",
  "/src/Group/GroupItem.ts",
  "/src/Group/index.ts",
  "/src/Heading/Heading.ts",
  "/src/Heading/index.ts",
  "/src/Hidden/__tests__/Hidden-test.tsx",
  "/src/Hidden/__tests__/HiddenContainer-test.ts",
  "/src/Hidden/__tests__/HiddenHide-test.tsx",
  "/src/Hidden/__tests__/HiddenShow-test.tsx",
  "/src/Hidden/__tests__/HiddenToggle-test.tsx",
  "/src/Hidden/Hidden.tsx",
  "/src/Hidden/HiddenContainer.tsx",
  "/src/Hidden/HiddenHide.tsx",
  "/src/Hidden/HiddenShow.tsx",
  "/src/Hidden/HiddenToggle.tsx",
  "/src/Hidden/index.ts",
  "/src/Image/Image.ts",
  "/src/Image/index.ts",
  "/src/index.ts",
  "/src/Inline/index.ts",
  "/src/Inline/Inline.ts",
  "/src/InlineBlock/index.ts",
  "/src/InlineBlock/InlineBlock.ts",
  "/src/InlineFlex/index.ts",
  "/src/InlineFlex/InlineFlex.ts",
  "/src/Input/index.ts",
  "/src/Input/Input.ts",
  "/src/Label/index.ts",
  "/src/Label/Label.ts",
  "/src/Link/index.ts",
  "/src/Link/Link.ts",
  "/src/List/index.ts",
  "/src/List/List.ts",
  "/src/Navigation/index.ts",
  "/src/Navigation/Navigation.ts",
  "/src/Overlay/index.ts",
  "/src/Overlay/Overlay.ts",
  "/src/Overlay/OverlayContainer.ts",
  "/src/Overlay/OverlayHide.ts",
  "/src/Overlay/OverlayShow.ts",
  "/src/Overlay/OverlayToggle.ts",
  "/src/Paragraph/index.ts",
  "/src/Paragraph/Paragraph.ts",
  "/src/Popover/__tests__/PopoverContainer-test.tsx",
  "/src/Popover/index.ts",
  "/src/Popover/Popover.tsx",
  "/src/Popover/PopoverArrow.tsx",
  "/src/Popover/PopoverContainer.tsx",
  "/src/Popover/PopoverHide.tsx",
  "/src/Popover/PopoverShow.tsx",
  "/src/Popover/PopoverToggle.tsx",
  "/src/Portal/index.ts",
  "/src/Portal/Portal.tsx",
  "/src/Provider/index.ts",
  "/src/Provider/Provider.tsx",
  "/src/Sidebar/index.ts",
  "/src/Sidebar/Sidebar.tsx",
  "/src/Sidebar/SidebarContainer.ts",
  "/src/Sidebar/SidebarHide.ts",
  "/src/Sidebar/SidebarShow.ts",
  "/src/Sidebar/SidebarToggle.ts",
  "/src/Step/__tests__/Step-test.tsx",
  "/src/Step/__tests__/StepContainer-test.tsx",
  "/src/Step/__tests__/StepNext-test.tsx",
  "/src/Step/__tests__/StepPrevious-test.tsx",
  "/src/Step/__tests__/StepShow-test.tsx",
  "/src/Step/__tests__/StepToggle-test.tsx",
  "/src/Step/index.ts",
  "/src/Step/Step.tsx",
  "/src/Step/StepContainer.tsx",
  "/src/Step/StepHide.tsx",
  "/src/Step/StepNext.tsx",
  "/src/Step/StepPrevious.tsx",
  "/src/Step/StepShow.tsx",
  "/src/Step/StepToggle.tsx",
  "/src/styled.ts",
  "/src/Table/index.ts",
  "/src/Table/Table.tsx",
  "/src/Table/TableWrapper.tsx",
  "/src/Tabs/__tests__/TabsContainer-test.ts",
  "/src/Tabs/index.ts",
  "/src/Tabs/Tabs.tsx",
  "/src/Tabs/TabsContainer.tsx",
  "/src/Tabs/TabsNext.tsx",
  "/src/Tabs/TabsPanel.tsx",
  "/src/Tabs/TabsPrevious.tsx",
  "/src/Tabs/TabsTab.tsx",
  "/src/Toolbar/index.ts",
  "/src/Toolbar/Toolbar.tsx",
  "/src/Toolbar/ToolbarContent.ts",
  "/src/Toolbar/ToolbarFocusable.tsx",
  "/src/Tooltip/index.ts",
  "/src/Tooltip/Tooltip.tsx",
  "/src/Tooltip/TooltipArrow.ts",
  "/ts/_utils/__tests__/dedupeClassName-test.d.ts",
  "/ts/_utils/__tests__/getSelector-test.d.ts",
  "/ts/_utils/__tests__/numberToPx-test.d.ts",
  "/ts/_utils/__tests__/omit-test.d.ts",
  "/ts/_utils/__tests__/parseTag-test.d.ts",
  "/ts/_utils/__tests__/pickCSSProps-test.d.ts",
  "/ts/_utils/__tests__/pickHTMLProps-test.d.ts",
  "/ts/_utils/__tests__/styledProps-test.d.ts",
  "/ts/_utils/__tests__/toArray-test.d.ts",
  "/ts/_utils/callAll.d.ts",
  "/ts/_utils/createElementRef.d.ts",
  "/ts/_utils/CSSProps.d.ts",
  "/ts/_utils/dedupeClassName.d.ts",
  "/ts/_utils/getComponentName.d.ts",
  "/ts/_utils/getSelector.d.ts",
  "/ts/_utils/numberToPx.d.ts",
  "/ts/_utils/omit.d.ts",
  "/ts/_utils/parseTag.d.ts",
  "/ts/_utils/pickCSSProps.d.ts",
  "/ts/_utils/pickHTMLProps.d.ts",
  "/ts/_utils/styledProps.d.ts",
  "/ts/_utils/toArray.d.ts",
  "/ts/_utils/types.d.ts",
  "/ts/_utils/uniqueId.d.ts",
  "/ts/as.d.ts",
  "/ts/Avatar/Avatar.d.ts",
  "/ts/Avatar/index.d.ts",
  "/ts/Backdrop/Backdrop.d.ts",
  "/ts/Backdrop/index.d.ts",
  "/ts/Block/Block.d.ts",
  "/ts/Block/index.d.ts",
  "/ts/Blockquote/Blockquote.d.ts",
  "/ts/Blockquote/index.d.ts",
  "/ts/Box/Box.d.ts",
  "/ts/Box/index.d.ts",
  "/ts/Button/Button.d.ts",
  "/ts/Button/index.d.ts",
  "/ts/Card/Card.d.ts",
  "/ts/Card/CardFit.d.ts",
  "/ts/Card/index.d.ts",
  "/ts/Code/Code.d.ts",
  "/ts/Code/index.d.ts",
  "/ts/Divider/Divider.d.ts",
  "/ts/Divider/index.d.ts",
  "/ts/Field/Field.d.ts",
  "/ts/Field/index.d.ts",
  "/ts/Flex/Flex.d.ts",
  "/ts/Flex/index.d.ts",
  "/ts/Grid/Grid.d.ts",
  "/ts/Grid/GridItem.d.ts",
  "/ts/Grid/index.d.ts",
  "/ts/Group/Group.d.ts",
  "/ts/Group/GroupItem.d.ts",
  "/ts/Group/index.d.ts",
  "/ts/Heading/Heading.d.ts",
  "/ts/Heading/index.d.ts",
  "/ts/Hidden/__tests__/Hidden-test.d.ts",
  "/ts/Hidden/__tests__/HiddenContainer-test.d.ts",
  "/ts/Hidden/__tests__/HiddenHide-test.d.ts",
  "/ts/Hidden/__tests__/HiddenShow-test.d.ts",
  "/ts/Hidden/__tests__/HiddenToggle-test.d.ts",
  "/ts/Hidden/Hidden.d.ts",
  "/ts/Hidden/HiddenContainer.d.ts",
  "/ts/Hidden/HiddenHide.d.ts",
  "/ts/Hidden/HiddenShow.d.ts",
  "/ts/Hidden/HiddenToggle.d.ts",
  "/ts/Hidden/index.d.ts",
  "/ts/Image/Image.d.ts",
  "/ts/Image/index.d.ts",
  "/ts/index.d.ts",
  "/ts/Inline/index.d.ts",
  "/ts/Inline/Inline.d.ts",
  "/ts/InlineBlock/index.d.ts",
  "/ts/InlineBlock/InlineBlock.d.ts",
  "/ts/InlineFlex/index.d.ts",
  "/ts/InlineFlex/InlineFlex.d.ts",
  "/ts/Input/index.d.ts",
  "/ts/Input/Input.d.ts",
  "/ts/Label/index.d.ts",
  "/ts/Label/Label.d.ts",
  "/ts/Link/index.d.ts",
  "/ts/Link/Link.d.ts",
  "/ts/List/index.d.ts",
  "/ts/List/List.d.ts",
  "/ts/Navigation/index.d.ts",
  "/ts/Navigation/Navigation.d.ts",
  "/ts/Overlay/index.d.ts",
  "/ts/Overlay/Overlay.d.ts",
  "/ts/Overlay/OverlayContainer.d.ts",
  "/ts/Overlay/OverlayHide.d.ts",
  "/ts/Overlay/OverlayShow.d.ts",
  "/ts/Overlay/OverlayToggle.d.ts",
  "/ts/Paragraph/index.d.ts",
  "/ts/Paragraph/Paragraph.d.ts",
  "/ts/Popover/__tests__/PopoverContainer-test.d.ts",
  "/ts/Popover/index.d.ts",
  "/ts/Popover/Popover.d.ts",
  "/ts/Popover/PopoverArrow.d.ts",
  "/ts/Popover/PopoverContainer.d.ts",
  "/ts/Popover/PopoverHide.d.ts",
  "/ts/Popover/PopoverShow.d.ts",
  "/ts/Popover/PopoverToggle.d.ts",
  "/ts/Portal/index.d.ts",
  "/ts/Portal/Portal.d.ts",
  "/ts/Provider/index.d.ts",
  "/ts/Provider/Provider.d.ts",
  "/ts/Sidebar/index.d.ts",
  "/ts/Sidebar/Sidebar.d.ts",
  "/ts/Sidebar/SidebarContainer.d.ts",
  "/ts/Sidebar/SidebarHide.d.ts",
  "/ts/Sidebar/SidebarShow.d.ts",
  "/ts/Sidebar/SidebarToggle.d.ts",
  "/ts/Step/__tests__/Step-test.d.ts",
  "/ts/Step/__tests__/StepContainer-test.d.ts",
  "/ts/Step/__tests__/StepNext-test.d.ts",
  "/ts/Step/__tests__/StepPrevious-test.d.ts",
  "/ts/Step/__tests__/StepShow-test.d.ts",
  "/ts/Step/__tests__/StepToggle-test.d.ts",
  "/ts/Step/index.d.ts",
  "/ts/Step/Step.d.ts",
  "/ts/Step/StepContainer.d.ts",
  "/ts/Step/StepHide.d.ts",
  "/ts/Step/StepNext.d.ts",
  "/ts/Step/StepPrevious.d.ts",
  "/ts/Step/StepShow.d.ts",
  "/ts/Step/StepToggle.d.ts",
  "/ts/styled.d.ts",
  "/ts/Table/index.d.ts",
  "/ts/Table/Table.d.ts",
  "/ts/Table/TableWrapper.d.ts",
  "/ts/Tabs/__tests__/TabsContainer-test.d.ts",
  "/ts/Tabs/index.d.ts",
  "/ts/Tabs/Tabs.d.ts",
  "/ts/Tabs/TabsContainer.d.ts",
  "/ts/Tabs/TabsNext.d.ts",
  "/ts/Tabs/TabsPanel.d.ts",
  "/ts/Tabs/TabsPrevious.d.ts",
  "/ts/Tabs/TabsTab.d.ts",
  "/ts/Toolbar/index.d.ts",
  "/ts/Toolbar/Toolbar.d.ts",
  "/ts/Toolbar/ToolbarContent.d.ts",
  "/ts/Toolbar/ToolbarFocusable.d.ts",
  "/ts/Tooltip/index.d.ts",
  "/ts/Tooltip/Tooltip.d.ts",
  "/ts/Tooltip/TooltipArrow.d.ts",
  "/package.json",
]
`;

exports[`resolvePackage resolves rxjs 1`] = `
Array [
  "/index.js",
  "/index.d.ts",
  "/internal/Observable.js",
  "/internal/Observable.d.ts",
  "/internal/util/canReportError.js",
  "/internal/util/canReportError.d.ts",
  "/internal/Subscriber.js",
  "/internal/Subscriber.d.ts",
  "/internal/util/isFunction.js",
  "/internal/util/isFunction.d.ts",
  "/internal/Observer.js",
  "/internal/Observer.d.ts",
  "/internal/config.js",
  "/internal/config.d.ts",
  "/internal/util/hostReportError.js",
  "/internal/util/hostReportError.d.ts",
  "/internal/Subscription.js",
  "/internal/Subscription.d.ts",
  "/internal/util/isArray.js",
  "/internal/util/isArray.d.ts",
  "/internal/util/isObject.js",
  "/internal/util/isObject.d.ts",
  "/internal/util/tryCatch.js",
  "/internal/util/tryCatch.d.ts",
  "/internal/util/errorObject.js",
  "/internal/util/errorObject.d.ts",
  "/internal/util/UnsubscriptionError.js",
  "/internal/util/UnsubscriptionError.d.ts",
  "/internal/symbol/rxSubscriber.js",
  "/internal/symbol/rxSubscriber.d.ts",
  "/internal/util/toSubscriber.js",
  "/internal/util/toSubscriber.d.ts",
  "/internal/symbol/observable.js",
  "/internal/symbol/observable.d.ts",
  "/internal/util/pipe.js",
  "/internal/util/pipe.d.ts",
  "/internal/util/noop.js",
  "/internal/util/noop.d.ts",
  "/internal/observable/ConnectableObservable.js",
  "/internal/observable/ConnectableObservable.d.ts",
  "/internal/Subject.js",
  "/internal/Subject.d.ts",
  "/internal/util/ObjectUnsubscribedError.js",
  "/internal/util/ObjectUnsubscribedError.d.ts",
  "/internal/SubjectSubscription.js",
  "/internal/SubjectSubscription.d.ts",
  "/internal/operators/refCount.js",
  "/internal/operators/refCount.d.ts",
  "/internal/operators/groupBy.js",
  "/internal/operators/groupBy.d.ts",
  "/internal/BehaviorSubject.js",
  "/internal/BehaviorSubject.d.ts",
  "/internal/ReplaySubject.js",
  "/internal/ReplaySubject.d.ts",
  "/internal/scheduler/queue.js",
  "/internal/scheduler/queue.d.ts",
  "/internal/scheduler/QueueAction.js",
  "/internal/scheduler/QueueAction.d.ts",
  "/internal/scheduler/AsyncAction.js",
  "/internal/scheduler/AsyncAction.d.ts",
  "/internal/scheduler/Action.js",
  "/internal/scheduler/Action.d.ts",
  "/internal/scheduler/QueueScheduler.js",
  "/internal/scheduler/QueueScheduler.d.ts",
  "/internal/scheduler/AsyncScheduler.js",
  "/internal/scheduler/AsyncScheduler.d.ts",
  "/internal/Scheduler.js",
  "/internal/Scheduler.d.ts",
  "/internal/operators/observeOn.js",
  "/internal/operators/observeOn.d.ts",
  "/internal/Notification.js",
  "/internal/Notification.d.ts",
  "/internal/observable/empty.js",
  "/internal/observable/empty.d.ts",
  "/internal/observable/of.js",
  "/internal/observable/of.d.ts",
  "/internal/util/isScheduler.js",
  "/internal/util/isScheduler.d.ts",
  "/internal/observable/fromArray.js",
  "/internal/observable/fromArray.d.ts",
  "/internal/util/subscribeToArray.js",
  "/internal/util/subscribeToArray.d.ts",
  "/internal/observable/scalar.js",
  "/internal/observable/scalar.d.ts",
  "/internal/observable/throwError.js",
  "/internal/observable/throwError.d.ts",
  "/internal/AsyncSubject.js",
  "/internal/AsyncSubject.d.ts",
  "/internal/scheduler/asap.js",
  "/internal/scheduler/asap.d.ts",
  "/internal/scheduler/AsapAction.js",
  "/internal/scheduler/AsapAction.d.ts",
  "/internal/util/Immediate.js",
  "/internal/util/Immediate.d.ts",
  "/internal/scheduler/AsapScheduler.js",
  "/internal/scheduler/AsapScheduler.d.ts",
  "/internal/scheduler/async.js",
  "/internal/scheduler/async.d.ts",
  "/internal/scheduler/animationFrame.js",
  "/internal/scheduler/animationFrame.d.ts",
  "/internal/scheduler/AnimationFrameAction.js",
  "/internal/scheduler/AnimationFrameAction.d.ts",
  "/internal/scheduler/AnimationFrameScheduler.js",
  "/internal/scheduler/AnimationFrameScheduler.d.ts",
  "/internal/scheduler/VirtualTimeScheduler.js",
  "/internal/scheduler/VirtualTimeScheduler.d.ts",
  "/internal/util/identity.js",
  "/internal/util/identity.d.ts",
  "/internal/util/isObservable.js",
  "/internal/util/isObservable.d.ts",
  "/internal/util/ArgumentOutOfRangeError.js",
  "/internal/util/ArgumentOutOfRangeError.d.ts",
  "/internal/util/EmptyError.js",
  "/internal/util/EmptyError.d.ts",
  "/internal/util/TimeoutError.js",
  "/internal/util/TimeoutError.d.ts",
  "/internal/observable/bindCallback.js",
  "/internal/observable/bindCallback.d.ts",
  "/internal/operators/map.js",
  "/internal/operators/map.d.ts",
  "/internal/observable/bindNodeCallback.js",
  "/internal/observable/bindNodeCallback.d.ts",
  "/internal/observable/combineLatest.js",
  "/internal/observable/combineLatest.d.ts",
  "/internal/OuterSubscriber.js",
  "/internal/OuterSubscriber.d.ts",
  "/internal/util/subscribeToResult.js",
  "/internal/util/subscribeToResult.d.ts",
  "/internal/InnerSubscriber.js",
  "/internal/InnerSubscriber.d.ts",
  "/internal/util/subscribeTo.js",
  "/internal/util/subscribeTo.d.ts",
  "/internal/util/subscribeToPromise.js",
  "/internal/util/subscribeToPromise.d.ts",
  "/internal/util/subscribeToIterable.js",
  "/internal/util/subscribeToIterable.d.ts",
  "/internal/symbol/iterator.js",
  "/internal/symbol/iterator.d.ts",
  "/internal/util/subscribeToObservable.js",
  "/internal/util/subscribeToObservable.d.ts",
  "/internal/util/isArrayLike.js",
  "/internal/util/isArrayLike.d.ts",
  "/internal/util/isPromise.js",
  "/internal/util/isPromise.d.ts",
  "/internal/observable/concat.js",
  "/internal/observable/concat.d.ts",
  "/internal/observable/from.js",
  "/internal/observable/from.d.ts",
  "/internal/util/isInteropObservable.js",
  "/internal/util/isInteropObservable.d.ts",
  "/internal/util/isIterable.js",
  "/internal/util/isIterable.d.ts",
  "/internal/observable/fromPromise.js",
  "/internal/observable/fromPromise.d.ts",
  "/internal/observable/fromIterable.js",
  "/internal/observable/fromIterable.d.ts",
  "/internal/observable/fromObservable.js",
  "/internal/observable/fromObservable.d.ts",
  "/internal/operators/concatAll.js",
  "/internal/operators/concatAll.d.ts",
  "/internal/operators/mergeAll.js",
  "/internal/operators/mergeAll.d.ts",
  "/internal/operators/mergeMap.js",
  "/internal/operators/mergeMap.d.ts",
  "/internal/observable/defer.js",
  "/internal/observable/defer.d.ts",
  "/internal/observable/forkJoin.js",
  "/internal/observable/forkJoin.d.ts",
  "/internal/observable/fromEvent.js",
  "/internal/observable/fromEvent.d.ts",
  "/internal/observable/fromEventPattern.js",
  "/internal/observable/fromEventPattern.d.ts",
  "/internal/observable/generate.js",
  "/internal/observable/generate.d.ts",
  "/internal/observable/iif.js",
  "/internal/observable/iif.d.ts",
  "/internal/observable/interval.js",
  "/internal/observable/interval.d.ts",
  "/internal/util/isNumeric.js",
  "/internal/util/isNumeric.d.ts",
  "/internal/observable/merge.js",
  "/internal/observable/merge.d.ts",
  "/internal/observable/never.js",
  "/internal/observable/never.d.ts",
  "/internal/observable/onErrorResumeNext.js",
  "/internal/observable/onErrorResumeNext.d.ts",
  "/internal/observable/pairs.js",
  "/internal/observable/pairs.d.ts",
  "/internal/observable/race.js",
  "/internal/observable/race.d.ts",
  "/internal/observable/range.js",
  "/internal/observable/range.d.ts",
  "/internal/observable/timer.js",
  "/internal/observable/timer.d.ts",
  "/internal/observable/using.js",
  "/internal/observable/using.d.ts",
  "/internal/observable/zip.js",
  "/internal/observable/zip.d.ts",
  "/AsyncSubject.js",
  "/AsyncSubject.d.ts",
  "/BehaviorSubject.js",
  "/BehaviorSubject.d.ts",
  "/InnerSubscriber.js",
  "/InnerSubscriber.d.ts",
  "/interfaces.js",
  "/interfaces.d.ts",
  "/Notification.js",
  "/Notification.d.ts",
  "/Observable.js",
  "/Observable.d.ts",
  "/Observer.js",
  "/Observer.d.ts",
  "/Operator.js",
  "/Operator.d.ts",
  "/OuterSubscriber.js",
  "/OuterSubscriber.d.ts",
  "/ReplaySubject.js",
  "/ReplaySubject.d.ts",
  "/Rx.js",
  "/Rx.d.ts",
  "/Scheduler.js",
  "/Scheduler.d.ts",
  "/Subject.js",
  "/Subject.d.ts",
  "/SubjectSubscription.js",
  "/SubjectSubscription.d.ts",
  "/Subscriber.js",
  "/Subscriber.d.ts",
  "/Subscription.js",
  "/Subscription.d.ts",
  "/ajax/index.js",
  "/ajax/index.d.ts",
  "/internal/observable/dom/ajax.js",
  "/internal/observable/dom/ajax.d.ts",
  "/internal/observable/dom/AjaxObservable.js",
  "/internal/observable/dom/AjaxObservable.d.ts",
  "/internal/util/root.js",
  "/internal/util/root.d.ts",
  "/internal-compatibility/index.js",
  "/internal-compatibility/index.d.ts",
  "/internal/observable/dom/webSocket.js",
  "/internal/observable/dom/webSocket.d.ts",
  "/internal/observable/dom/WebSocketSubject.js",
  "/internal/observable/dom/WebSocketSubject.d.ts",
  "/internal/observable/SubscribeOnObservable.js",
  "/internal/observable/SubscribeOnObservable.d.ts",
  "/internal/operators/timestamp.js",
  "/internal/operators/timestamp.d.ts",
  "/internal/operators/timeInterval.js",
  "/internal/operators/timeInterval.d.ts",
  "/internal/operators/scan.js",
  "/internal/operators/scan.d.ts",
  "/internal/operators/throttle.js",
  "/internal/operators/throttle.d.ts",
  "/internal/util/applyMixins.js",
  "/internal/util/applyMixins.d.ts",
  "/internal/util/isDate.js",
  "/internal/util/isDate.d.ts",
  "/internal/util/not.js",
  "/internal/util/not.d.ts",
  "/operators/index.js",
  "/operators/index.d.ts",
  "/internal/operators/audit.js",
  "/internal/operators/audit.d.ts",
  "/internal/operators/auditTime.js",
  "/internal/operators/auditTime.d.ts",
  "/internal/operators/buffer.js",
  "/internal/operators/buffer.d.ts",
  "/internal/operators/bufferCount.js",
  "/internal/operators/bufferCount.d.ts",
  "/internal/operators/bufferTime.js",
  "/internal/operators/bufferTime.d.ts",
  "/internal/operators/bufferToggle.js",
  "/internal/operators/bufferToggle.d.ts",
  "/internal/operators/bufferWhen.js",
  "/internal/operators/bufferWhen.d.ts",
  "/internal/operators/catchError.js",
  "/internal/operators/catchError.d.ts",
  "/internal/operators/combineAll.js",
  "/internal/operators/combineAll.d.ts",
  "/internal/operators/combineLatest.js",
  "/internal/operators/combineLatest.d.ts",
  "/internal/operators/concat.js",
  "/internal/operators/concat.d.ts",
  "/internal/operators/concatMap.js",
  "/internal/operators/concatMap.d.ts",
  "/internal/operators/concatMapTo.js",
  "/internal/operators/concatMapTo.d.ts",
  "/internal/operators/count.js",
  "/internal/operators/count.d.ts",
  "/internal/operators/debounce.js",
  "/internal/operators/debounce.d.ts",
  "/internal/operators/debounceTime.js",
  "/internal/operators/debounceTime.d.ts",
  "/internal/operators/defaultIfEmpty.js",
  "/internal/operators/defaultIfEmpty.d.ts",
  "/internal/operators/delay.js",
  "/internal/operators/delay.d.ts",
  "/internal/operators/delayWhen.js",
  "/internal/operators/delayWhen.d.ts",
  "/internal/operators/dematerialize.js",
  "/internal/operators/dematerialize.d.ts",
  "/internal/operators/distinct.js",
  "/internal/operators/distinct.d.ts",
  "/internal/operators/distinctUntilChanged.js",
  "/internal/operators/distinctUntilChanged.d.ts",
  "/internal/operators/distinctUntilKeyChanged.js",
  "/internal/operators/distinctUntilKeyChanged.d.ts",
  "/internal/operators/elementAt.js",
  "/internal/operators/elementAt.d.ts",
  "/internal/operators/filter.js",
  "/internal/operators/filter.d.ts",
  "/internal/operators/throwIfEmpty.js",
  "/internal/operators/throwIfEmpty.d.ts",
  "/internal/operators/tap.js",
  "/internal/operators/tap.d.ts",
  "/internal/operators/take.js",
  "/internal/operators/take.d.ts",
  "/internal/operators/endWith.js",
  "/internal/operators/endWith.d.ts",
  "/internal/operators/every.js",
  "/internal/operators/every.d.ts",
  "/internal/operators/exhaust.js",
  "/internal/operators/exhaust.d.ts",
  "/internal/operators/exhaustMap.js",
  "/internal/operators/exhaustMap.d.ts",
  "/internal/operators/expand.js",
  "/internal/operators/expand.d.ts",
  "/internal/operators/finalize.js",
  "/internal/operators/finalize.d.ts",
  "/internal/operators/find.js",
  "/internal/operators/find.d.ts",
  "/internal/operators/findIndex.js",
  "/internal/operators/findIndex.d.ts",
  "/internal/operators/first.js",
  "/internal/operators/first.d.ts",
  "/internal/operators/ignoreElements.js",
  "/internal/operators/ignoreElements.d.ts",
  "/internal/operators/isEmpty.js",
  "/internal/operators/isEmpty.d.ts",
  "/internal/operators/last.js",
  "/internal/operators/last.d.ts",
  "/internal/operators/takeLast.js",
  "/internal/operators/takeLast.d.ts",
  "/internal/operators/mapTo.js",
  "/internal/operators/mapTo.d.ts",
  "/internal/operators/materialize.js",
  "/internal/operators/materialize.d.ts",
  "/internal/operators/max.js",
  "/internal/operators/max.d.ts",
  "/internal/operators/reduce.js",
  "/internal/operators/reduce.d.ts",
  "/internal/operators/merge.js",
  "/internal/operators/merge.d.ts",
  "/internal/operators/mergeMapTo.js",
  "/internal/operators/mergeMapTo.d.ts",
  "/internal/operators/mergeScan.js",
  "/internal/operators/mergeScan.d.ts",
  "/internal/operators/min.js",
  "/internal/operators/min.d.ts",
  "/internal/operators/multicast.js",
  "/internal/operators/multicast.d.ts",
  "/internal/operators/onErrorResumeNext.js",
  "/internal/operators/onErrorResumeNext.d.ts",
  "/internal/operators/pairwise.js",
  "/internal/operators/pairwise.d.ts",
  "/internal/operators/partition.js",
  "/internal/operators/partition.d.ts",
  "/internal/operators/pluck.js",
  "/internal/operators/pluck.d.ts",
  "/internal/operators/publish.js",
  "/internal/operators/publish.d.ts",
  "/internal/operators/publishBehavior.js",
  "/internal/operators/publishBehavior.d.ts",
  "/internal/operators/publishLast.js",
  "/internal/operators/publishLast.d.ts",
  "/internal/operators/publishReplay.js",
  "/internal/operators/publishReplay.d.ts",
  "/internal/operators/race.js",
  "/internal/operators/race.d.ts",
  "/internal/operators/repeat.js",
  "/internal/operators/repeat.d.ts",
  "/internal/operators/repeatWhen.js",
  "/internal/operators/repeatWhen.d.ts",
  "/internal/operators/retry.js",
  "/internal/operators/retry.d.ts",
  "/internal/operators/retryWhen.js",
  "/internal/operators/retryWhen.d.ts",
  "/internal/operators/sample.js",
  "/internal/operators/sample.d.ts",
  "/internal/operators/sampleTime.js",
  "/internal/operators/sampleTime.d.ts",
  "/internal/operators/sequenceEqual.js",
  "/internal/operators/sequenceEqual.d.ts",
  "/internal/operators/share.js",
  "/internal/operators/share.d.ts",
  "/internal/operators/shareReplay.js",
  "/internal/operators/shareReplay.d.ts",
  "/internal/operators/single.js",
  "/internal/operators/single.d.ts",
  "/internal/operators/skip.js",
  "/internal/operators/skip.d.ts",
  "/internal/operators/skipLast.js",
  "/internal/operators/skipLast.d.ts",
  "/internal/operators/skipUntil.js",
  "/internal/operators/skipUntil.d.ts",
  "/internal/operators/skipWhile.js",
  "/internal/operators/skipWhile.d.ts",
  "/internal/operators/startWith.js",
  "/internal/operators/startWith.d.ts",
  "/internal/operators/subscribeOn.js",
  "/internal/operators/subscribeOn.d.ts",
  "/internal/operators/switchAll.js",
  "/internal/operators/switchAll.d.ts",
  "/internal/operators/switchMap.js",
  "/internal/operators/switchMap.d.ts",
  "/internal/operators/switchMapTo.js",
  "/internal/operators/switchMapTo.d.ts",
  "/internal/operators/takeUntil.js",
  "/internal/operators/takeUntil.d.ts",
  "/internal/operators/takeWhile.js",
  "/internal/operators/takeWhile.d.ts",
  "/internal/operators/throttleTime.js",
  "/internal/operators/throttleTime.d.ts",
  "/internal/operators/timeout.js",
  "/internal/operators/timeout.d.ts",
  "/internal/operators/timeoutWith.js",
  "/internal/operators/timeoutWith.d.ts",
  "/internal/operators/toArray.js",
  "/internal/operators/toArray.d.ts",
  "/internal/operators/window.js",
  "/internal/operators/window.d.ts",
  "/internal/operators/windowCount.js",
  "/internal/operators/windowCount.d.ts",
  "/internal/operators/windowTime.js",
  "/internal/operators/windowTime.d.ts",
  "/internal/operators/windowToggle.js",
  "/internal/operators/windowToggle.d.ts",
  "/internal/operators/windowWhen.js",
  "/internal/operators/windowWhen.d.ts",
  "/internal/operators/withLatestFrom.js",
  "/internal/operators/withLatestFrom.d.ts",
  "/internal/operators/zip.js",
  "/internal/operators/zip.d.ts",
  "/internal/operators/zipAll.js",
  "/internal/operators/zipAll.d.ts",
  "/testing/index.js",
  "/testing/index.d.ts",
  "/internal/testing/TestScheduler.js",
  "/internal/testing/TestScheduler.d.ts",
  "/internal/testing/ColdObservable.js",
  "/internal/testing/ColdObservable.d.ts",
  "/internal/testing/SubscriptionLoggable.js",
  "/internal/testing/SubscriptionLoggable.d.ts",
  "/internal/testing/SubscriptionLog.js",
  "/internal/testing/SubscriptionLog.d.ts",
  "/internal/testing/HotObservable.js",
  "/internal/testing/HotObservable.d.ts",
  "/webSocket/index.js",
  "/webSocket/index.d.ts",
  "/package.json",
]
`;
