// Jest Snapshot v1, https://goo.gl/fbAQLP

exports[`SysCalls: System.Storage System.Storage.AsReadOnly 1`] = `Array []`;

exports[`SysCalls: System.Storage System.Storage.AsReadOnly 2`] = `Array []`;

exports[`SysCalls: System.Storage System.Storage.AsReadOnly 3`] = `Array []`;

exports[`SysCalls: System.Storage System.Storage.AsReadOnly 4`] = `Array []`;

exports[`SysCalls: System.Storage System.Storage.Delete 1`] = `"contract.get"`;

exports[`SysCalls: System.Storage System.Storage.Delete 2`] = `
Array [
  Array [
    Object {
      "hash": "3f67626522f6e54e4e92ada1b1da8133409d5ec3",
    },
  ],
]
`;

exports[`SysCalls: System.Storage System.Storage.Delete 3`] = `"storageItem.tryGet"`;

exports[`SysCalls: System.Storage System.Storage.Delete 4`] = `
Array [
  Array [
    Object {
      "hash": "3f67626522f6e54e4e92ada1b1da8133409d5ec3",
      "key": "",
    },
  ],
]
`;

exports[`SysCalls: System.Storage System.Storage.Delete 5`] = `"storageItem.delete"`;

exports[`SysCalls: System.Storage System.Storage.Delete 6`] = `
Array [
  Array [
    Object {
      "hash": "3f67626522f6e54e4e92ada1b1da8133409d5ec3",
      "key": "",
    },
  ],
]
`;

exports[`SysCalls: System.Storage System.Storage.Delete 7`] = `Array []`;

exports[`SysCalls: System.Storage System.Storage.Delete 8`] = `Array []`;

exports[`SysCalls: System.Storage System.Storage.Delete 9`] = `Array []`;

exports[`SysCalls: System.Storage System.Storage.Delete 10`] = `Array []`;

exports[`SysCalls: System.Storage System.Storage.Find 1`] = `
Array [
  IteratorStackItem {
    "mutableCount": 1,
    "referenceID": 1,
    "value": StackItemIterator {
      "enumerator": Object {
        "next": [Function],
        "return": [Function],
        "throw": [Function],
        Symbol(Symbol.asyncIterator): [Function],
      },
      "mutableDone": false,
    },
  },
]
`;

exports[`SysCalls: System.Storage System.Storage.Find 2`] = `"contract.get"`;

exports[`SysCalls: System.Storage System.Storage.Find 3`] = `
Array [
  Array [
    Object {
      "hash": "c5f1a32ca949050b5ad07587c475316c8b3c9647",
    },
  ],
]
`;

exports[`SysCalls: System.Storage System.Storage.Find 4`] = `"storageItem.getAll$"`;

exports[`SysCalls: System.Storage System.Storage.Find 5`] = `
Array [
  Array [
    Object {
      "hash": "c5f1a32ca949050b5ad07587c475316c8b3c9647",
      "prefix": "01",
    },
  ],
]
`;

exports[`SysCalls: System.Storage System.Storage.Find 6`] = `Array []`;

exports[`SysCalls: System.Storage System.Storage.Find 7`] = `Array []`;

exports[`SysCalls: System.Storage System.Storage.Find 8`] = `Array []`;

exports[`SysCalls: System.Storage System.Storage.Find 9`] = `Array []`;

exports[`SysCalls: System.Storage System.Storage.Get 1`] = `"contract.get"`;

exports[`SysCalls: System.Storage System.Storage.Get 2`] = `
Array [
  Array [
    Object {
      "hash": "c5f1a32ca949050b5ad07587c475316c8b3c9647",
    },
  ],
]
`;

exports[`SysCalls: System.Storage System.Storage.Get 3`] = `"storageItem.tryGet"`;

exports[`SysCalls: System.Storage System.Storage.Get 4`] = `
Array [
  Array [
    Object {
      "hash": "c5f1a32ca949050b5ad07587c475316c8b3c9647",
      "key": "01",
    },
  ],
]
`;

exports[`SysCalls: System.Storage System.Storage.Get 5`] = `Array []`;

exports[`SysCalls: System.Storage System.Storage.Get 6`] = `Array []`;

exports[`SysCalls: System.Storage System.Storage.Get 7`] = `Array []`;

exports[`SysCalls: System.Storage System.Storage.Get 8`] = `Array []`;

exports[`SysCalls: System.Storage System.Storage.Get 9`] = `"contract.get"`;

exports[`SysCalls: System.Storage System.Storage.Get 10`] = `
Array [
  Array [
    Object {
      "hash": "c5f1a32ca949050b5ad07587c475316c8b3c9647",
    },
  ],
]
`;

exports[`SysCalls: System.Storage System.Storage.Get 11`] = `"storageItem.tryGet"`;

exports[`SysCalls: System.Storage System.Storage.Get 12`] = `
Array [
  Array [
    Object {
      "hash": "c5f1a32ca949050b5ad07587c475316c8b3c9647",
      "key": "01",
    },
  ],
]
`;

exports[`SysCalls: System.Storage System.Storage.Get 13`] = `Array []`;

exports[`SysCalls: System.Storage System.Storage.Get 14`] = `Array []`;

exports[`SysCalls: System.Storage System.Storage.Get 15`] = `Array []`;

exports[`SysCalls: System.Storage System.Storage.Get 16`] = `Array []`;

exports[`SysCalls: System.Storage System.Storage.GetContext 1`] = `Array []`;

exports[`SysCalls: System.Storage System.Storage.GetContext 2`] = `Array []`;

exports[`SysCalls: System.Storage System.Storage.GetContext 3`] = `Array []`;

exports[`SysCalls: System.Storage System.Storage.GetContext 4`] = `Array []`;

exports[`SysCalls: System.Storage System.Storage.GetReadOnlyContext 1`] = `Array []`;

exports[`SysCalls: System.Storage System.Storage.GetReadOnlyContext 2`] = `Array []`;

exports[`SysCalls: System.Storage System.Storage.GetReadOnlyContext 3`] = `Array []`;

exports[`SysCalls: System.Storage System.Storage.GetReadOnlyContext 4`] = `Array []`;

exports[`SysCalls: System.Storage System.Storage.Put 1`] = `"contract.get"`;

exports[`SysCalls: System.Storage System.Storage.Put 2`] = `
Array [
  Array [
    Object {
      "hash": "09fa7552a1c818ce99853f0472cc114a0f230b2a",
    },
  ],
]
`;

exports[`SysCalls: System.Storage System.Storage.Put 3`] = `"storageItem.tryGet"`;

exports[`SysCalls: System.Storage System.Storage.Put 4`] = `
Array [
  Array [
    Object {
      "hash": "09fa7552a1c818ce99853f0472cc114a0f230b2a",
      "key": "",
    },
  ],
]
`;

exports[`SysCalls: System.Storage System.Storage.Put 5`] = `"storageItem.add"`;

exports[`SysCalls: System.Storage System.Storage.Put 6`] = `
Array [
  Array [
    StorageItem {
      "flags": 0,
      "hash": "09fa7552a1c818ce99853f0472cc114a0f230b2a",
      "key": "",
      "serializeWire": [Function],
      "sizeInternal": [Function],
      "value": "",
    },
  ],
]
`;

exports[`SysCalls: System.Storage System.Storage.Put 7`] = `Array []`;

exports[`SysCalls: System.Storage System.Storage.Put 8`] = `Array []`;

exports[`SysCalls: System.Storage System.Storage.Put 9`] = `Array []`;

exports[`SysCalls: System.Storage System.Storage.Put 10`] = `Array []`;

exports[`SysCalls: System.Storage System.Storage.Put 11`] = `"contract.get"`;

exports[`SysCalls: System.Storage System.Storage.Put 12`] = `
Array [
  Array [
    Object {
      "hash": "62f76ec8eb103c633db2b67071fe277185a2dbe3",
    },
  ],
]
`;

exports[`SysCalls: System.Storage System.Storage.Put 13`] = `"storageItem.tryGet"`;

exports[`SysCalls: System.Storage System.Storage.Put 14`] = `
Array [
  Array [
    Object {
      "hash": "62f76ec8eb103c633db2b67071fe277185a2dbe3",
      "key": "00000000000000000000000000000000000000000000000000000000000000000000000000000000000000000000000000000000000000000000000000000000000000000000000000000000000000000000000000000000000000000000000000000000000000000000000000000000000000000000000000000000000000000000000000000000000000000000000000000000000000000000000000000000000000000000000000000000000000000000000000000000000000000000000000000000000000000000000000000000000000000000000000000000000000000000000000000000000000000000000000000000000000000000000000000000000000000000000000000000000000000000000000000000000000000000000000000000000000000000000000000000000000000000000000000000000000000000000000000000000000000000000000000000000000000000000000000000000000000000000000000000000000000000000000000000000000000000000000000000000000000000000000000000000000000000000000000000000000000000000000000000000000000000000000000000000000000000000000000000000000000000000000000000000000000000000000000000000000000000000000000000000000000000000000000000000000000000000000000000000000000000000000000000000000000000000000000000000000000000000000000000000000000000000000000000000000000000000000000000000000000000000000000000000000000000000000000000000000000000000000000000000000000000000000000000000000000000000000000000000000000000000000000000000000000000000000000000000000000000000000000000000000000000000000000000000000000000000000000000000000000000000000000000000000000000000000000000000000000000000000000000000000000000000000000000000000000000000000000000000000000000000000000000000000000000000000000000000000000000000000000000000000000000000000000000000000000000000000000000000000000000000000000000000000000000000000000000000000000000000000000000000000000000000000000000000000000000000000000000000000000000000000000000000000000000000000000000000000000000000000000000000000000000000000000000000000000000000000000000000000000000000000000000000000000000000000000000000000000000000000000000000000000000000000000000000000000000000000000000000000000000000000000000000000000000000000000000000000000000000000000000",
    },
  ],
]
`;

exports[`SysCalls: System.Storage System.Storage.Put 15`] = `"storageItem.add"`;

exports[`SysCalls: System.Storage System.Storage.Put 16`] = `
Array [
  Array [
    StorageItem {
      "flags": 0,
      "hash": "62f76ec8eb103c633db2b67071fe277185a2dbe3",
      "key": "00000000000000000000000000000000000000000000000000000000000000000000000000000000000000000000000000000000000000000000000000000000000000000000000000000000000000000000000000000000000000000000000000000000000000000000000000000000000000000000000000000000000000000000000000000000000000000000000000000000000000000000000000000000000000000000000000000000000000000000000000000000000000000000000000000000000000000000000000000000000000000000000000000000000000000000000000000000000000000000000000000000000000000000000000000000000000000000000000000000000000000000000000000000000000000000000000000000000000000000000000000000000000000000000000000000000000000000000000000000000000000000000000000000000000000000000000000000000000000000000000000000000000000000000000000000000000000000000000000000000000000000000000000000000000000000000000000000000000000000000000000000000000000000000000000000000000000000000000000000000000000000000000000000000000000000000000000000000000000000000000000000000000000000000000000000000000000000000000000000000000000000000000000000000000000000000000000000000000000000000000000000000000000000000000000000000000000000000000000000000000000000000000000000000000000000000000000000000000000000000000000000000000000000000000000000000000000000000000000000000000000000000000000000000000000000000000000000000000000000000000000000000000000000000000000000000000000000000000000000000000000000000000000000000000000000000000000000000000000000000000000000000000000000000000000000000000000000000000000000000000000000000000000000000000000000000000000000000000000000000000000000000000000000000000000000000000000000000000000000000000000000000000000000000000000000000000000000000000000000000000000000000000000000000000000000000000000000000000000000000000000000000000000000000000000000000000000000000000000000000000000000000000000000000000000000000000000000000000000000000000000000000000000000000000000000000000000000000000000000000000000000000000000000000000000000000000000000000000000000000000000000000000000000000000000000000000000000000000000000000000000000",
      "serializeWire": [Function],
      "sizeInternal": [Function],
      "value": "",
    },
  ],
]
`;

exports[`SysCalls: System.Storage System.Storage.Put 17`] = `Array []`;

exports[`SysCalls: System.Storage System.Storage.Put 18`] = `Array []`;

exports[`SysCalls: System.Storage System.Storage.Put 19`] = `Array []`;

exports[`SysCalls: System.Storage System.Storage.Put 20`] = `Array []`;

exports[`SysCalls: System.Storage System.Storage.Put 21`] = `"contract.get"`;

exports[`SysCalls: System.Storage System.Storage.Put 22`] = `
Array [
  Array [
    Object {
      "hash": "37cf61ca5211b65f1d13440c263db84c11a11c79",
    },
  ],
]
`;

exports[`SysCalls: System.Storage System.Storage.Put 23`] = `"storageItem.tryGet"`;

exports[`SysCalls: System.Storage System.Storage.Put 24`] = `
Array [
  Array [
    Object {
      "hash": "37cf61ca5211b65f1d13440c263db84c11a11c79",
      "key": "",
    },
  ],
]
`;

exports[`SysCalls: System.Storage System.Storage.Put 25`] = `"storageItem.add"`;

exports[`SysCalls: System.Storage System.Storage.Put 26`] = `
Array [
  Array [
    StorageItem {
      "flags": 0,
      "hash": "37cf61ca5211b65f1d13440c263db84c11a11c79",
      "key": "",
      "serializeWire": [Function],
      "sizeInternal": [Function],
      "value": "00000000000000000000000000000000000000000000000000000000000000000000000000000000000000000000000000000000000000000000000000000000000000000000000000000000000000000000000000000000000000000000000000000000000000000000000000000000000000000000000000000000000000000000000000000000000000000000000000000000000000000000000000000000000000000000000000000000000000000000000000000000000000000000000000000000000000000000000000000000000000000000000000000000000000000000000000000000000000000000000000000000000000000000000000000000000000000000000000000000000000000000000000000000000000000000000000000000000000000000000000000000000000000000000000000000000000000000000000000000000000000000000000000000000000000000000000000000000000000000000000000000000000000000000000000000000000000000000000000000000000000000000000000000000000000000000000000000000000000000000000000000000000000000000000000000000000000000000000000000000000000000000000000000000000000000000000000000000000000000000000000000000000000000000000000000000000000000000000000000000000000000000000000000000000000000000000000000000000000000000000000000000000000000000000000000000000000000000000000000000000000000000000000000000000000000000000000000000000000000000000000000000000000000000000000000000000000000000000000000000000000000000000000000000000000000000000000000000000000000000000000000000000000000000000000000000000000000000000000000000000000000000000000000000000000000000000000000000000000000000000000000000000000000000000000000000000000000000000000000000000000000000000000000000000000000000000000000000000000000000000000000000000000000000000000000000000000000000000000000000000000000000000000000000000000000000000000000000000000000000000000000000000000000000000000000000000000000000000000000000000000000000000000000000000000000000000000000000000000000000000000000000000000000000000000000000000000000000000000000000000000000000000000000000000000000000000000000000000000000000000000000000000000000000000000000000000000000000000000000000000000000000000000000000000000000000000000000000000000000000000000000",
    },
  ],
]
`;

exports[`SysCalls: System.Storage System.Storage.Put 27`] = `Array []`;

exports[`SysCalls: System.Storage System.Storage.Put 28`] = `Array []`;

exports[`SysCalls: System.Storage System.Storage.Put 29`] = `Array []`;

exports[`SysCalls: System.Storage System.Storage.Put 30`] = `Array []`;

exports[`SysCalls: System.Storage System.Storage.Put 31`] = `"contract.get"`;

exports[`SysCalls: System.Storage System.Storage.Put 32`] = `
Array [
  Array [
    Object {
      "hash": "37cf61ca5211b65f1d13440c263db84c11a11c79",
    },
  ],
]
`;

exports[`SysCalls: System.Storage System.Storage.Put 33`] = `"storageItem.tryGet"`;

exports[`SysCalls: System.Storage System.Storage.Put 34`] = `
Array [
  Array [
    Object {
      "hash": "37cf61ca5211b65f1d13440c263db84c11a11c79",
      "key": "",
    },
  ],
]
`;

exports[`SysCalls: System.Storage System.Storage.Put 35`] = `"storageItem.update"`;

exports[`SysCalls: System.Storage System.Storage.Put 36`] = `
Array [
  Array [
    Object {
      "manifest": Object {
        "hasStorage": true,
      },
    },
    Object {
      "flags": 0,
      "value": "00000000000000000000000000000000000000000000000000000000000000000000000000000000000000000000000000000000000000000000000000000000000000000000000000000000000000000000000000000000000000000000000000000000000000000000000000000000000000000000000000000000000000000000000000000000000000000000000000000000000000000000000000000000000000000000000000000000000000000000000000000000000000000000000000000000000000000000000000000000000000000000000000000000000000000000000000000000000000000000000000000000000000000000000000000000000000000000000000000000000000000000000000000000000000000000000000000000000000000000000000000000000000000000000000000000000000000000000000000000000000000000000000000000000000000000000000000000000000000000000000000000000000000000000000000000000000000000000000000000000000000000000000000000000000000000000000000000000000000000000000000000000000000000000000000000000000000000000000000000000000000000000000000000000000000000000000000000000000000000000000000000000000000000000000000000000000000000000000000000000000000000000000000000000000000000000000000000000000000000000000000000000000000000000000000000000000000000000000000000000000000000000000000000000000000000000000000000000000000000000000000000000000000000000000000000000000000000000000000000000000000000000000000000000000000000000000000000000000000000000000000000000000000000000000000000000000000000000000000000000000000000000000000000000000000000000000000000000000000000000000000000000000000000000000000000000000000000000000000000000000000000000000000000000000000000000000000000000000000000000000000000000000000000000000000000000000000000000000000000000000000000000000000000000000000000000000000000000000000000000000000000000000000000000000000000000000000000000000000000000000000000000000000000000000000000000000000000000000000000000000000000000000000000000000000000000000000000000000000000000000000000000000000000000000000000000000000000000000000000000000000000000000000000000000000000000000000000000000000000000000000000000000000000000000000000000000000000000000000000000000000000",
    },
  ],
]
`;

exports[`SysCalls: System.Storage System.Storage.Put 37`] = `"storageItem.add"`;

exports[`SysCalls: System.Storage System.Storage.Put 38`] = `Array []`;

exports[`SysCalls: System.Storage System.Storage.Put 39`] = `Array []`;

exports[`SysCalls: System.Storage System.Storage.Put 40`] = `Array []`;

exports[`SysCalls: System.Storage System.Storage.Put 41`] = `Array []`;

exports[`SysCalls: System.Storage System.Storage.Put 42`] = `Array []`;

exports[`SysCalls: System.Storage System.Storage.Put 43`] = `"contract.get"`;

exports[`SysCalls: System.Storage System.Storage.Put 44`] = `
Array [
  Array [
    Object {
      "hash": "7971891d51c8bef0741ce6f53355dd3b6ae1aaf3",
    },
  ],
]
`;

exports[`SysCalls: System.Storage System.Storage.Put 45`] = `"storageItem.tryGet"`;

exports[`SysCalls: System.Storage System.Storage.Put 46`] = `
Array [
  Array [
    Object {
      "hash": "7971891d51c8bef0741ce6f53355dd3b6ae1aaf3",
      "key": "",
    },
  ],
]
`;

exports[`SysCalls: System.Storage System.Storage.Put 47`] = `"storageItem.add"`;

exports[`SysCalls: System.Storage System.Storage.Put 48`] = `
Array [
  Array [
    StorageItem {
      "flags": 0,
      "hash": "7971891d51c8bef0741ce6f53355dd3b6ae1aaf3",
      "key": "",
      "serializeWire": [Function],
      "sizeInternal": [Function],
      "value": "0000000000000000000000000000000000000000000000000000000000000000000000000000000000000000000000000000000000000000000000000000000000000000000000000000000000000000000000000000000000000000000000000000000000000000000000000000000000000000000000000000000000000000000000000000000000000000000000000000000000000000000000000000000000000000000000000000000000000000000000000000000000000000000000000000000000000000000000000000000000000000000000000000000000000000000000000000000000000000000000000000000000000000000000000000000000000000000000000000000000000000000000000000000000000000000000000000000000000000000000000000000000000000000000000000000000000000000000000000000000000000000000000000000000000000000000000000000000000000000000000000000000000000000000000000000000000000000000000000000000000000000000000000000000000000000000000000000000000000000000000000000000000000000000000000000000000000000000000000000000000000000000000000000000000000000000000000000000000000000000000000000000000000000000000000000000000000000000000000000000000000000000000000000000000000000000000000000000000000000000000000000000000000000000000000000000000000000000000000000000000000000000000000000000000000000000000000000000000000000000000000000000000000000000000000000000000000000000000000000000000000000000000000000000000000000000000000000000000000000000000000000000000000000000000000000000000000000000000000000000000000000000000000000000000000000000000000000000000000000000000000000000000000000000000000000000000000000000000000000000000000000000000000000000000000000000000000000000000000000000000000000000000000000000000000000000000000000000000000000000000000000000000000000000000000000000000000000000000000000000000000000000000000000000000000000000000000000000000000000000000000000000000000000000000000000000000000000000000000000000000000000000000000000000000000000000000000000000000000000000000000000000000000000000000000000000000000000000000000000000000000000000000000000000000000000000000000000000000000000000000000000000000000000000000000000000000000000000000000000000000000000000",
    },
  ],
]
`;

exports[`SysCalls: System.Storage System.Storage.Put 49`] = `Array []`;

exports[`SysCalls: System.Storage System.Storage.Put 50`] = `Array []`;

exports[`SysCalls: System.Storage System.Storage.Put 51`] = `Array []`;

exports[`SysCalls: System.Storage System.Storage.Put 52`] = `Array []`;
