// Jest Snapshot v1, https://goo.gl/fbAQLP

exports[`Token properties + issue + balanceOf + totalSupply + transfer: deploy consumed 1`] = `"0"`;

exports[`Token properties + issue + balanceOf + totalSupply + transfer: deploy cost 1`] = `"3.144"`;

exports[`Token properties + issue + balanceOf + totalSupply + transfer: issue consume 1`] = `"0"`;

exports[`Token properties + issue + balanceOf + totalSupply + transfer: issue cost 1`] = `"8.235"`;

exports[`Token properties + issue + balanceOf + totalSupply + transfer: transfer consume 1`] = `"0"`;

exports[`Token properties + issue + balanceOf + totalSupply + transfer: transfer cost 1`] = `"9.977"`;
