// Jest Snapshot v1, https://goo.gl/fbAQLP

exports[`DebuggerStatementCompiler simple 1`] = `
"snippetCode.ts (4,7): Unsupported syntax

      2 |       let result = 0;
      3 | 
    > 4 |       debugger;
        |       ^
      5 | 
      6 |       if (result !== 0) {
      7 |         throw 'Failure';
"
`;
