// Jest Snapshot v1, https://goo.gl/fbAQLP

exports[`Buffer.concat cannot be "referenced" 1`] = `
"snippetCode.ts (2,20): Builtin properties cannot be referenced

      1 | 
    > 2 |       const keys = Buffer['concat'];
        |                    ^
      3 |     
"
`;

exports[`Buffer.concat cannot be referenced 1`] = `
"snippetCode.ts (2,20): Builtin properties cannot be referenced

      1 | 
    > 2 |       const keys = Buffer.concat;
        |                    ^
      3 |     
"
`;
