// Jest Snapshot v1, https://goo.gl/fbAQLP

exports[`Input cannot be implemented 1`] = `
"snippetCode.ts (4,7): Built-ins cannot be implemented.

      2 |       import { Input } from '@neo-one/smart-contract';
      3 | 
    > 4 |       class MyInput implements Input {
        |       ^
      5 |       }
      6 |     
"
`;

exports[`Input cannot be referenced 1`] = `
"snippetCode.ts (4,17): Builtins cannot be referenced

      2 |       import { Input } from '@neo-one/smart-contract';
      3 | 
    > 4 |       const x = Input;
        |                 ^
      5 |     
"
`;
